mfi = np.float64(383.0)
dr = np.float64(2.474747474747475)
snr = np.float64(11758.495540521582)
window = 28760502 - 28761526