mfi = np.float64(546.0)
dr = np.float64(-0.6565656565656566)
snr = np.float64(144.8118227674536)
window = 52042814 - 52043838