mfi = np.float64(684.0)
dr = np.float64(-3.282828282828283)
snr = np.float64(622257083.6730231)
window = 1369547 - 1370571