mfi = np.float64(409.0)
dr = np.float64(1.9696969696969697)
snr = np.float64(15343684.089300131)
window = 57521005 - 57522029